// Jest Snapshot v1, https://goo.gl/fbAQLP

exports[`should render breadcrumb with empty model 1`] = `<div />`;
